2026-08-14 18:39:35,455 | INFO | __main__ | ============================================================
2026-08-14 18:39:35,456 | INFO | __main__ | STOCK MARKET DATA PIPELINE
2026-08-14 18:39:35,456 | INFO | __main__ | ============================================================
2026-08-14 18:39:35,460 | INFO | __main__ | Stocks configured: 100
2026-08-14 18:39:35,461 | INFO | __main__ | Processing AAPL...
2026-08-14 18:39:35,461 | INFO | stock_pipeline.extract.yahoo_finance | Downloading data for AAPL...
2026-08-14 18:39:38,808 | INFO | stock_pipeline.extract.yahoo_finance | Raw data saved to C:\Users\mahla\Stock_market_data_pipeline\data\raw\AAPL_stock.csv
2026-08-14 18:39:38,913 | INFO | __main__ | Processing MSFT...
2026-08-14 18:39:38,914 | INFO | stock_pipeline.extract.yahoo_finance | Downloading data for MSFT...
2026-08-14 18:39:39,984 | INFO | stock_pipeline.extract.yahoo_finance | Raw data saved to C:\Users\mahla\Stock_market_data_pipeline\data\raw\MSFT_stock.csv
2026-08-14 18:39:40,043 | INFO | __main__ | Processing NVDA...
2026-08-14 18:39:40,043 | INFO | stock_pipeline.extract.yahoo_finance | Downloading data for NVDA...
2026-08-14 18:39:40,789 | INFO | stock_pipeline.extract.yahoo_finance | Raw data saved to C:\Users\mahla\Stock_market_data_pipeline\data\raw\NVDA_stock.csv
2026-08-14 18:39:40,832 | INFO | __main__ | Processing GOOGL...
2026-08-14 18:39:40,832 | INFO | stock_pipeline.extract.yahoo_finance | Downloading data for GOOGL...
2026-08-14 18:39:42,106 | INFO | stock_pipeline.extract.yahoo_finance | Raw data saved to C:\Users\mahla\Stock_market_data_pipeline\data\raw\GOOGL_stock.csv
2026-08-14 18:39:42,155 | INFO | __main__ | Processing GOOG...
2026-08-14 18:39:42,155 | INFO | stock_pipeline.extract.yahoo_finance | Downloading data for GOOG...
2026-08-14 18:39:43,109 | INFO | stock_pipeline.extract.yahoo_finance | Raw data saved to C:\Users\mahla\Stock_market_data_pipeline\data\raw\GOOG_stock.csv
2026-08-14 18:39:43,205 | INFO | __main__ | Processing AMZN...
2026-08-14 18:39:43,205 | INFO | stock_pipeline.extract.yahoo_finance | Downloading data for AMZN...
2026-08-14 18:39:43,999 | INFO | stock_pipeline.extract.yahoo_finance | Raw data saved to C:\Users\mahla\Stock_market_data_pipeline\data\raw\AMZN_stock.csv
2026-08-14 18:39:44,052 | INFO | __main__ | Processing META...
2026-08-14 18:39:44,052 | INFO | stock_pipeline.extract.yahoo_finance | Downloading data for META...
2026-08-14 18:39:45,204 | INFO | stock_pipeline.extract.yahoo_finance | Raw data saved to C:\Users\mahla\Stock_market_data_pipeline\data\raw\META_stock.csv
2026-08-14 18:39:45,265 | INFO | __main__ | Processing AVGO...
2026-08-14 18:39:45,266 | INFO | stock_pipeline.extract.yahoo_finance | Downloading data for AVGO...
2026-08-14 18:39:46,413 | INFO | stock_pipeline.extract.yahoo_finance | Raw data saved to C:\Users\mahla\Stock_market_data_pipeline\data\raw\AVGO_stock.csv
2026-08-14 18:39:46,469 | INFO | __main__ | Processing ORCL...
2026-08-14 18:39:46,470 | INFO | stock_pipeline.extract.yahoo_finance | Downloading data for ORCL...
2026-08-14 18:39:47,254 | INFO | stock_pipeline.extract.yahoo_finance | Raw data saved to C:\Users\mahla\Stock_market_data_pipeline\data\raw\ORCL_stock.csv
2026-08-14 18:39:47,307 | INFO | __main__ | Processing CRM...
2026-08-14 18:39:47,308 | INFO | stock_pipeline.extract.yahoo_finance | Downloading data for CRM...
2026-08-14 18:39:48,092 | INFO | stock_pipeline.extract.yahoo_finance | Raw data saved to C:\Users\mahla\Stock_market_data_pipeline\data\raw\CRM_stock.csv
2026-08-14 18:39:48,155 | INFO | __main__ | Processing AMD...
2026-08-14 18:39:48,156 | INFO | stock_pipeline.extract.yahoo_finance | Downloading data for AMD...
2026-08-14 18:39:48,992 | INFO | stock_pipeline.extract.yahoo_finance | Raw data saved to C:\Users\mahla\Stock_market_data_pipeline\data\raw\AMD_stock.csv
2026-08-14 18:39:49,041 | INFO | __main__ | Processing ADBE...
2026-08-14 18:39:49,042 | INFO | stock_pipeline.extract.yahoo_finance | Downloading data for ADBE...
2026-08-14 18:39:50,097 | INFO | stock_pipeline.extract.yahoo_finance | Raw data saved to C:\Users\mahla\Stock_market_data_pipeline\data\raw\ADBE_stock.csv
2026-08-14 18:39:50,153 | INFO | __main__ | Processing CSCO...
2026-08-14 18:39:50,154 | INFO | stock_pipeline.extract.yahoo_finance | Downloading data for CSCO...
2026-08-14 18:39:50,882 | INFO | stock_pipeline.extract.yahoo_finance | Raw data saved to C:\Users\mahla\Stock_market_data_pipeline\data\raw\CSCO_stock.csv
2026-08-14 18:39:50,924 | INFO | __main__ | Processing INTC...
2026-08-14 18:39:50,925 | INFO | stock_pipeline.extract.yahoo_finance | Downloading data for INTC...
2026-08-14 18:39:51,830 | INFO | stock_pipeline.extract.yahoo_finance | Raw data saved to C:\Users\mahla\Stock_market_data_pipeline\data\raw\INTC_stock.csv
2026-08-14 18:39:51,881 | INFO | __main__ | Processing IBM...
2026-08-14 18:39:51,881 | INFO | stock_pipeline.extract.yahoo_finance | Downloading data for IBM...
2026-08-14 18:39:52,833 | INFO | stock_pipeline.extract.yahoo_finance | Raw data saved to C:\Users\mahla\Stock_market_data_pipeline\data\raw\IBM_stock.csv
2026-08-14 18:39:52,880 | INFO | __main__ | Processing QCOM...
2026-08-14 18:39:52,881 | INFO | stock_pipeline.extract.yahoo_finance | Downloading data for QCOM...
2026-08-14 18:39:53,555 | INFO | stock_pipeline.extract.yahoo_finance | Raw data saved to C:\Users\mahla\Stock_market_data_pipeline\data\raw\QCOM_stock.csv
2026-08-14 18:39:53,604 | INFO | __main__ | Processing TXN...
2026-08-14 18:39:53,604 | INFO | stock_pipeline.extract.yahoo_finance | Downloading data for TXN...
2026-08-14 18:39:54,578 | INFO | stock_pipeline.extract.yahoo_finance | Raw data saved to C:\Users\mahla\Stock_market_data_pipeline\data\raw\TXN_stock.csv
2026-08-14 18:39:54,642 | INFO | __main__ | Processing NOW...
2026-08-14 18:39:54,642 | INFO | stock_pipeline.extract.yahoo_finance | Downloading data for NOW...
2026-08-14 18:39:55,884 | INFO | stock_pipeline.extract.yahoo_finance | Raw data saved to C:\Users\mahla\Stock_market_data_pipeline\data\raw\NOW_stock.csv
2026-08-14 18:39:55,941 | INFO | __main__ | Processing INTU...
2026-08-14 18:39:55,941 | INFO | stock_pipeline.extract.yahoo_finance | Downloading data for INTU...
2026-08-14 18:39:56,933 | INFO | stock_pipeline.extract.yahoo_finance | Raw data saved to C:\Users\mahla\Stock_market_data_pipeline\data\raw\INTU_stock.csv
2026-08-14 18:39:56,974 | INFO | __main__ | Processing AMAT...
2026-08-14 18:39:56,974 | INFO | stock_pipeline.extract.yahoo_finance | Downloading data for AMAT...
2026-08-14 18:39:57,794 | INFO | stock_pipeline.extract.yahoo_finance | Raw data saved to C:\Users\mahla\Stock_market_data_pipeline\data\raw\AMAT_stock.csv
2026-08-14 18:39:57,843 | INFO | __main__ | Processing JPM...
2026-08-14 18:39:57,843 | INFO | stock_pipeline.extract.yahoo_finance | Downloading data for JPM...
2026-08-14 18:39:58,934 | INFO | stock_pipeline.extract.yahoo_finance | Raw data saved to C:\Users\mahla\Stock_market_data_pipeline\data\raw\JPM_stock.csv
2026-08-14 18:39:58,984 | INFO | __main__ | Processing BAC...
2026-08-14 18:39:58,984 | INFO | stock_pipeline.extract.yahoo_finance | Downloading data for BAC...
2026-08-14 18:39:59,903 | INFO | stock_pipeline.extract.yahoo_finance | Raw data saved to C:\Users\mahla\Stock_market_data_pipeline\data\raw\BAC_stock.csv
2026-08-14 18:39:59,954 | INFO | __main__ | Processing WFC...
2026-08-14 18:39:59,954 | INFO | stock_pipeline.extract.yahoo_finance | Downloading data for WFC...
2026-08-14 18:40:00,921 | INFO | stock_pipeline.extract.yahoo_finance | Raw data saved to C:\Users\mahla\Stock_market_data_pipeline\data\raw\WFC_stock.csv
2026-08-14 18:40:00,975 | INFO | __main__ | Processing C...
2026-08-14 18:40:00,975 | INFO | stock_pipeline.extract.yahoo_finance | Downloading data for C...
2026-08-14 18:40:01,885 | INFO | stock_pipeline.extract.yahoo_finance | Raw data saved to C:\Users\mahla\Stock_market_data_pipeline\data\raw\C_stock.csv
2026-08-14 18:40:01,929 | INFO | __main__ | Processing GS...
2026-08-14 18:40:01,929 | INFO | stock_pipeline.extract.yahoo_finance | Downloading data for GS...
2026-08-14 18:40:02,638 | INFO | stock_pipeline.extract.yahoo_finance | Raw data saved to C:\Users\mahla\Stock_market_data_pipeline\data\raw\GS_stock.csv
2026-08-14 18:40:02,685 | INFO | __main__ | Processing MS...
2026-08-14 18:40:02,686 | INFO | stock_pipeline.extract.yahoo_finance | Downloading data for MS...
2026-08-14 18:40:03,542 | INFO | stock_pipeline.extract.yahoo_finance | Raw data saved to C:\Users\mahla\Stock_market_data_pipeline\data\raw\MS_stock.csv
2026-08-14 18:40:03,590 | INFO | __main__ | Processing BLK...
2026-08-14 18:40:03,591 | INFO | stock_pipeline.extract.yahoo_finance | Downloading data for BLK...
2026-08-14 18:40:04,553 | INFO | stock_pipeline.extract.yahoo_finance | Raw data saved to C:\Users\mahla\Stock_market_data_pipeline\data\raw\BLK_stock.csv
2026-08-14 18:40:04,616 | INFO | __main__ | Processing SCHW...
2026-08-14 18:40:04,616 | INFO | stock_pipeline.extract.yahoo_finance | Downloading data for SCHW...
2026-08-14 18:40:05,464 | INFO | stock_pipeline.extract.yahoo_finance | Raw data saved to C:\Users\mahla\Stock_market_data_pipeline\data\raw\SCHW_stock.csv
2026-08-14 18:40:05,511 | INFO | __main__ | Processing USB...
2026-08-14 18:40:05,511 | INFO | stock_pipeline.extract.yahoo_finance | Downloading data for USB...
2026-08-14 18:40:06,497 | INFO | stock_pipeline.extract.yahoo_finance | Raw data saved to C:\Users\mahla\Stock_market_data_pipeline\data\raw\USB_stock.csv
2026-08-14 18:40:06,554 | INFO | __main__ | Processing PNC...
2026-08-14 18:40:06,554 | INFO | stock_pipeline.extract.yahoo_finance | Downloading data for PNC...
2026-08-14 18:40:08,324 | INFO | stock_pipeline.extract.yahoo_finance | Raw data saved to C:\Users\mahla\Stock_market_data_pipeline\data\raw\PNC_stock.csv
2026-08-14 18:40:08,392 | INFO | __main__ | Processing AXP...
2026-08-14 18:40:08,392 | INFO | stock_pipeline.extract.yahoo_finance | Downloading data for AXP...
2026-08-14 18:40:09,271 | INFO | stock_pipeline.extract.yahoo_finance | Raw data saved to C:\Users\mahla\Stock_market_data_pipeline\data\raw\AXP_stock.csv
2026-08-14 18:40:09,333 | INFO | __main__ | Processing COF...
2026-08-14 18:40:09,334 | INFO | stock_pipeline.extract.yahoo_finance | Downloading data for COF...
2026-08-14 18:40:10,191 | INFO | stock_pipeline.extract.yahoo_finance | Raw data saved to C:\Users\mahla\Stock_market_data_pipeline\data\raw\COF_stock.csv
2026-08-14 18:40:10,236 | INFO | __main__ | Processing BK...
2026-08-14 18:40:10,237 | INFO | stock_pipeline.extract.yahoo_finance | Downloading data for BK...
2026-08-14 18:40:13,693 | ERROR | yfinance | HTTP Error 404: {"quoteSummary":{"result":null,"error":{"code":"Not Found","description":"Quote not found for symbol: BK"}}}
2026-08-14 18:40:15,822 | ERROR | yfinance | $BK: No data found, symbol may be delisted
2026-08-14 18:40:15,831 | ERROR | yfinance | 
1 Failed download:
2026-08-14 18:40:15,831 | ERROR | yfinance | ['BK']: No data found, symbol may be delisted
2026-08-14 18:40:15,839 | WARNING | stock_pipeline.extract.yahoo_finance | No data returned for BK (attempt 1/3)
2026-08-14 18:40:19,406 | ERROR | yfinance | HTTP Error 404: {"quoteSummary":{"result":null,"error":{"code":"Not Found","description":"Quote not found for symbol: BK"}}}
2026-08-14 18:40:20,942 | ERROR | yfinance | $BK: No data found, symbol may be delisted
2026-08-14 18:40:20,952 | ERROR | yfinance | 
1 Failed download:
2026-08-14 18:40:20,952 | ERROR | yfinance | ['BK']: No data found, symbol may be delisted
2026-08-14 18:40:20,958 | WARNING | stock_pipeline.extract.yahoo_finance | No data returned for BK (attempt 2/3)
2026-08-14 18:40:24,117 | ERROR | yfinance | $BK: No data found, symbol may be delisted
2026-08-14 18:40:24,125 | ERROR | yfinance | 
1 Failed download:
2026-08-14 18:40:24,126 | ERROR | yfinance | ['BK']: No data found, symbol may be delisted
2026-08-14 18:40:24,132 | WARNING | stock_pipeline.extract.yahoo_finance | No data returned for BK (attempt 3/3)
2026-08-14 18:40:24,133 | WARNING | __main__ | Skipping BK because extraction failed.
2026-08-14 18:40:24,134 | INFO | __main__ | Processing CME...
2026-08-14 18:40:24,135 | INFO | stock_pipeline.extract.yahoo_finance | Downloading data for CME...
2026-08-14 18:40:25,093 | INFO | stock_pipeline.extract.yahoo_finance | Raw data saved to C:\Users\mahla\Stock_market_data_pipeline\data\raw\CME_stock.csv
2026-08-14 18:40:25,155 | INFO | __main__ | Processing ICE...
2026-08-14 18:40:25,155 | INFO | stock_pipeline.extract.yahoo_finance | Downloading data for ICE...
2026-08-14 18:40:25,976 | INFO | stock_pipeline.extract.yahoo_finance | Raw data saved to C:\Users\mahla\Stock_market_data_pipeline\data\raw\ICE_stock.csv
2026-08-14 18:40:26,030 | INFO | __main__ | Processing UNH...
2026-08-14 18:40:26,031 | INFO | stock_pipeline.extract.yahoo_finance | Downloading data for UNH...
2026-08-14 18:40:26,902 | INFO | stock_pipeline.extract.yahoo_finance | Raw data saved to C:\Users\mahla\Stock_market_data_pipeline\data\raw\UNH_stock.csv
2026-08-14 18:40:26,946 | INFO | __main__ | Processing JNJ...
2026-08-14 18:40:26,948 | INFO | stock_pipeline.extract.yahoo_finance | Downloading data for JNJ...
2026-08-14 18:40:27,921 | INFO | stock_pipeline.extract.yahoo_finance | Raw data saved to C:\Users\mahla\Stock_market_data_pipeline\data\raw\JNJ_stock.csv
2026-08-14 18:40:27,985 | INFO | __main__ | Processing LLY...
2026-08-14 18:40:27,985 | INFO | stock_pipeline.extract.yahoo_finance | Downloading data for LLY...
2026-08-14 18:40:29,026 | INFO | stock_pipeline.extract.yahoo_finance | Raw data saved to C:\Users\mahla\Stock_market_data_pipeline\data\raw\LLY_stock.csv
2026-08-14 18:40:29,079 | INFO | __main__ | Processing PFE...
2026-08-14 18:40:29,079 | INFO | stock_pipeline.extract.yahoo_finance | Downloading data for PFE...
2026-08-14 18:40:29,789 | INFO | stock_pipeline.extract.yahoo_finance | Raw data saved to C:\Users\mahla\Stock_market_data_pipeline\data\raw\PFE_stock.csv
2026-08-14 18:40:29,838 | INFO | __main__ | Processing ABBV...
2026-08-14 18:40:29,838 | INFO | stock_pipeline.extract.yahoo_finance | Downloading data for ABBV...
2026-08-14 18:40:30,880 | INFO | stock_pipeline.extract.yahoo_finance | Raw data saved to C:\Users\mahla\Stock_market_data_pipeline\data\raw\ABBV_stock.csv
2026-08-14 18:40:30,928 | INFO | __main__ | Processing MRK...
2026-08-14 18:40:30,928 | INFO | stock_pipeline.extract.yahoo_finance | Downloading data for MRK...
2026-08-14 18:40:31,985 | INFO | stock_pipeline.extract.yahoo_finance | Raw data saved to C:\Users\mahla\Stock_market_data_pipeline\data\raw\MRK_stock.csv
2026-08-14 18:40:32,036 | INFO | __main__ | Processing TMO...
2026-08-14 18:40:32,036 | INFO | stock_pipeline.extract.yahoo_finance | Downloading data for TMO...
2026-08-14 18:40:32,988 | INFO | stock_pipeline.extract.yahoo_finance | Raw data saved to C:\Users\mahla\Stock_market_data_pipeline\data\raw\TMO_stock.csv
2026-08-14 18:40:33,041 | INFO | __main__ | Processing DHR...
2026-08-14 18:40:33,044 | INFO | stock_pipeline.extract.yahoo_finance | Downloading data for DHR...
2026-08-14 18:40:33,960 | INFO | stock_pipeline.extract.yahoo_finance | Raw data saved to C:\Users\mahla\Stock_market_data_pipeline\data\raw\DHR_stock.csv
2026-08-14 18:40:34,019 | INFO | __main__ | Processing BMY...
2026-08-14 18:40:34,019 | INFO | stock_pipeline.extract.yahoo_finance | Downloading data for BMY...
2026-08-14 18:40:34,998 | INFO | stock_pipeline.extract.yahoo_finance | Raw data saved to C:\Users\mahla\Stock_market_data_pipeline\data\raw\BMY_stock.csv
2026-08-14 18:40:35,046 | INFO | __main__ | Processing AMGN...
2026-08-14 18:40:35,047 | INFO | stock_pipeline.extract.yahoo_finance | Downloading data for AMGN...
2026-08-14 18:40:35,980 | INFO | stock_pipeline.extract.yahoo_finance | Raw data saved to C:\Users\mahla\Stock_market_data_pipeline\data\raw\AMGN_stock.csv
2026-08-14 18:40:36,026 | INFO | __main__ | Processing GILD...
2026-08-14 18:40:36,027 | INFO | stock_pipeline.extract.yahoo_finance | Downloading data for GILD...
2026-08-14 18:40:37,337 | INFO | stock_pipeline.extract.yahoo_finance | Raw data saved to C:\Users\mahla\Stock_market_data_pipeline\data\raw\GILD_stock.csv
2026-08-14 18:40:37,387 | INFO | __main__ | Processing CVS...
2026-08-14 18:40:37,387 | INFO | stock_pipeline.extract.yahoo_finance | Downloading data for CVS...
2026-08-14 18:40:38,278 | INFO | stock_pipeline.extract.yahoo_finance | Raw data saved to C:\Users\mahla\Stock_market_data_pipeline\data\raw\CVS_stock.csv
2026-08-14 18:40:38,342 | INFO | __main__ | Processing ISRG...
2026-08-14 18:40:38,342 | INFO | stock_pipeline.extract.yahoo_finance | Downloading data for ISRG...
2026-08-14 18:40:40,130 | INFO | stock_pipeline.extract.yahoo_finance | Raw data saved to C:\Users\mahla\Stock_market_data_pipeline\data\raw\ISRG_stock.csv
2026-08-14 18:40:40,175 | INFO | __main__ | Processing MDT...
2026-08-14 18:40:40,175 | INFO | stock_pipeline.extract.yahoo_finance | Downloading data for MDT...
2026-08-14 18:40:41,107 | INFO | stock_pipeline.extract.yahoo_finance | Raw data saved to C:\Users\mahla\Stock_market_data_pipeline\data\raw\MDT_stock.csv
2026-08-14 18:40:41,157 | INFO | __main__ | Processing WMT...
2026-08-14 18:40:41,157 | INFO | stock_pipeline.extract.yahoo_finance | Downloading data for WMT...
2026-08-14 18:40:42,260 | INFO | stock_pipeline.extract.yahoo_finance | Raw data saved to C:\Users\mahla\Stock_market_data_pipeline\data\raw\WMT_stock.csv
2026-08-14 18:40:42,311 | INFO | __main__ | Processing COST...
2026-08-14 18:40:42,312 | INFO | stock_pipeline.extract.yahoo_finance | Downloading data for COST...
2026-08-14 18:40:43,277 | INFO | stock_pipeline.extract.yahoo_finance | Raw data saved to C:\Users\mahla\Stock_market_data_pipeline\data\raw\COST_stock.csv
2026-08-14 18:40:43,337 | INFO | __main__ | Processing HD...
2026-08-14 18:40:43,338 | INFO | stock_pipeline.extract.yahoo_finance | Downloading data for HD...
2026-08-14 18:40:44,432 | INFO | stock_pipeline.extract.yahoo_finance | Raw data saved to C:\Users\mahla\Stock_market_data_pipeline\data\raw\HD_stock.csv
2026-08-14 18:40:44,477 | INFO | __main__ | Processing MCD...
2026-08-14 18:40:44,477 | INFO | stock_pipeline.extract.yahoo_finance | Downloading data for MCD...
2026-08-14 18:40:45,752 | INFO | stock_pipeline.extract.yahoo_finance | Raw data saved to C:\Users\mahla\Stock_market_data_pipeline\data\raw\MCD_stock.csv
2026-08-14 18:40:45,798 | INFO | __main__ | Processing NKE...
2026-08-14 18:40:45,798 | INFO | stock_pipeline.extract.yahoo_finance | Downloading data for NKE...
2026-08-14 18:40:46,775 | INFO | stock_pipeline.extract.yahoo_finance | Raw data saved to C:\Users\mahla\Stock_market_data_pipeline\data\raw\NKE_stock.csv
2026-08-14 18:40:46,820 | INFO | __main__ | Processing SBUX...
2026-08-14 18:40:46,820 | INFO | stock_pipeline.extract.yahoo_finance | Downloading data for SBUX...
2026-08-14 18:40:48,067 | INFO | stock_pipeline.extract.yahoo_finance | Raw data saved to C:\Users\mahla\Stock_market_data_pipeline\data\raw\SBUX_stock.csv
2026-08-14 18:40:48,209 | INFO | __main__ | Processing TGT...
2026-08-14 18:40:48,209 | INFO | stock_pipeline.extract.yahoo_finance | Downloading data for TGT...
2026-08-14 18:40:49,129 | INFO | stock_pipeline.extract.yahoo_finance | Raw data saved to C:\Users\mahla\Stock_market_data_pipeline\data\raw\TGT_stock.csv
2026-08-14 18:40:49,174 | INFO | __main__ | Processing LOW...
2026-08-14 18:40:49,175 | INFO | stock_pipeline.extract.yahoo_finance | Downloading data for LOW...
2026-08-14 18:40:50,152 | INFO | stock_pipeline.extract.yahoo_finance | Raw data saved to C:\Users\mahla\Stock_market_data_pipeline\data\raw\LOW_stock.csv
2026-08-14 18:40:50,193 | INFO | __main__ | Processing TJX...
2026-08-14 18:40:50,193 | INFO | stock_pipeline.extract.yahoo_finance | Downloading data for TJX...
2026-08-14 18:40:51,177 | INFO | stock_pipeline.extract.yahoo_finance | Raw data saved to C:\Users\mahla\Stock_market_data_pipeline\data\raw\TJX_stock.csv
2026-08-14 18:40:51,227 | INFO | __main__ | Processing BKNG...
2026-08-14 18:40:51,227 | INFO | stock_pipeline.extract.yahoo_finance | Downloading data for BKNG...
2026-08-14 18:40:52,138 | INFO | stock_pipeline.extract.yahoo_finance | Raw data saved to C:\Users\mahla\Stock_market_data_pipeline\data\raw\BKNG_stock.csv
2026-08-14 18:40:52,185 | INFO | __main__ | Processing XOM...
2026-08-14 18:40:52,186 | INFO | stock_pipeline.extract.yahoo_finance | Downloading data for XOM...
2026-08-14 18:40:53,226 | INFO | stock_pipeline.extract.yahoo_finance | Raw data saved to C:\Users\mahla\Stock_market_data_pipeline\data\raw\XOM_stock.csv
2026-08-14 18:40:53,290 | INFO | __main__ | Processing CVX...
2026-08-14 18:40:53,291 | INFO | stock_pipeline.extract.yahoo_finance | Downloading data for CVX...
2026-08-14 18:40:54,093 | INFO | stock_pipeline.extract.yahoo_finance | Raw data saved to C:\Users\mahla\Stock_market_data_pipeline\data\raw\CVX_stock.csv
2026-08-14 18:40:54,142 | INFO | __main__ | Processing COP...
2026-08-14 18:40:54,142 | INFO | stock_pipeline.extract.yahoo_finance | Downloading data for COP...
2026-08-14 18:40:55,497 | INFO | stock_pipeline.extract.yahoo_finance | Raw data saved to C:\Users\mahla\Stock_market_data_pipeline\data\raw\COP_stock.csv
2026-08-14 18:40:55,547 | INFO | __main__ | Processing SLB...
2026-08-14 18:40:55,547 | INFO | stock_pipeline.extract.yahoo_finance | Downloading data for SLB...
2026-08-14 18:40:56,651 | INFO | stock_pipeline.extract.yahoo_finance | Raw data saved to C:\Users\mahla\Stock_market_data_pipeline\data\raw\SLB_stock.csv
2026-08-14 18:40:56,696 | INFO | __main__ | Processing EOG...
2026-08-14 18:40:56,696 | INFO | stock_pipeline.extract.yahoo_finance | Downloading data for EOG...
2026-08-14 18:40:57,726 | INFO | stock_pipeline.extract.yahoo_finance | Raw data saved to C:\Users\mahla\Stock_market_data_pipeline\data\raw\EOG_stock.csv
2026-08-14 18:40:57,774 | INFO | __main__ | Processing OXY...
2026-08-14 18:40:57,774 | INFO | stock_pipeline.extract.yahoo_finance | Downloading data for OXY...
2026-08-14 18:40:58,691 | INFO | stock_pipeline.extract.yahoo_finance | Raw data saved to C:\Users\mahla\Stock_market_data_pipeline\data\raw\OXY_stock.csv
2026-08-14 18:40:58,742 | INFO | __main__ | Processing MPC...
2026-08-14 18:40:58,743 | INFO | stock_pipeline.extract.yahoo_finance | Downloading data for MPC...
2026-08-14 18:40:59,921 | INFO | stock_pipeline.extract.yahoo_finance | Raw data saved to C:\Users\mahla\Stock_market_data_pipeline\data\raw\MPC_stock.csv
2026-08-14 18:40:59,978 | INFO | __main__ | Processing PSX...
2026-08-14 18:40:59,979 | INFO | stock_pipeline.extract.yahoo_finance | Downloading data for PSX...
2026-08-14 18:41:00,970 | INFO | stock_pipeline.extract.yahoo_finance | Raw data saved to C:\Users\mahla\Stock_market_data_pipeline\data\raw\PSX_stock.csv
2026-08-14 18:41:01,021 | INFO | __main__ | Processing HAL...
2026-08-14 18:41:01,022 | INFO | stock_pipeline.extract.yahoo_finance | Downloading data for HAL...
2026-08-14 18:41:01,963 | INFO | stock_pipeline.extract.yahoo_finance | Raw data saved to C:\Users\mahla\Stock_market_data_pipeline\data\raw\HAL_stock.csv
2026-08-14 18:41:02,009 | INFO | __main__ | Processing CAT...
2026-08-14 18:41:02,010 | INFO | stock_pipeline.extract.yahoo_finance | Downloading data for CAT...
2026-08-14 18:41:03,091 | INFO | stock_pipeline.extract.yahoo_finance | Raw data saved to C:\Users\mahla\Stock_market_data_pipeline\data\raw\CAT_stock.csv
2026-08-14 18:41:03,136 | INFO | __main__ | Processing DE...
2026-08-14 18:41:03,136 | INFO | stock_pipeline.extract.yahoo_finance | Downloading data for DE...
2026-08-14 18:41:04,181 | INFO | stock_pipeline.extract.yahoo_finance | Raw data saved to C:\Users\mahla\Stock_market_data_pipeline\data\raw\DE_stock.csv
2026-08-14 18:41:04,231 | INFO | __main__ | Processing GE...
2026-08-14 18:41:04,231 | INFO | stock_pipeline.extract.yahoo_finance | Downloading data for GE...
2026-08-14 18:41:05,357 | INFO | stock_pipeline.extract.yahoo_finance | Raw data saved to C:\Users\mahla\Stock_market_data_pipeline\data\raw\GE_stock.csv
2026-08-14 18:41:05,423 | INFO | __main__ | Processing HON...
2026-08-14 18:41:05,423 | INFO | stock_pipeline.extract.yahoo_finance | Downloading data for HON...
2026-08-14 18:41:06,727 | INFO | stock_pipeline.extract.yahoo_finance | Raw data saved to C:\Users\mahla\Stock_market_data_pipeline\data\raw\HON_stock.csv
2026-08-14 18:41:06,818 | INFO | __main__ | Processing UPS...
2026-08-14 18:41:06,819 | INFO | stock_pipeline.extract.yahoo_finance | Downloading data for UPS...
2026-08-14 18:41:07,637 | INFO | stock_pipeline.extract.yahoo_finance | Raw data saved to C:\Users\mahla\Stock_market_data_pipeline\data\raw\UPS_stock.csv
2026-08-14 18:41:07,744 | INFO | __main__ | Processing RTX...
2026-08-14 18:41:07,744 | INFO | stock_pipeline.extract.yahoo_finance | Downloading data for RTX...
2026-08-14 18:41:08,694 | INFO | stock_pipeline.extract.yahoo_finance | Raw data saved to C:\Users\mahla\Stock_market_data_pipeline\data\raw\RTX_stock.csv
2026-08-14 18:41:08,752 | INFO | __main__ | Processing BA...
2026-08-14 18:41:08,752 | INFO | stock_pipeline.extract.yahoo_finance | Downloading data for BA...
2026-08-14 18:41:09,756 | INFO | stock_pipeline.extract.yahoo_finance | Raw data saved to C:\Users\mahla\Stock_market_data_pipeline\data\raw\BA_stock.csv
2026-08-14 18:41:09,828 | INFO | __main__ | Processing LMT...
2026-08-14 18:41:09,829 | INFO | stock_pipeline.extract.yahoo_finance | Downloading data for LMT...
2026-08-14 18:41:11,016 | INFO | stock_pipeline.extract.yahoo_finance | Raw data saved to C:\Users\mahla\Stock_market_data_pipeline\data\raw\LMT_stock.csv
2026-08-14 18:41:11,097 | INFO | __main__ | Processing MMM...
2026-08-14 18:41:11,097 | INFO | stock_pipeline.extract.yahoo_finance | Downloading data for MMM...
2026-08-14 18:41:12,246 | INFO | stock_pipeline.extract.yahoo_finance | Raw data saved to C:\Users\mahla\Stock_market_data_pipeline\data\raw\MMM_stock.csv
2026-08-14 18:41:12,293 | INFO | __main__ | Processing TSLA...
2026-08-14 18:41:12,293 | INFO | stock_pipeline.extract.yahoo_finance | Downloading data for TSLA...
2026-08-14 18:41:13,049 | INFO | stock_pipeline.extract.yahoo_finance | Raw data saved to C:\Users\mahla\Stock_market_data_pipeline\data\raw\TSLA_stock.csv
2026-08-14 18:41:13,102 | INFO | __main__ | Processing F...
2026-08-14 18:41:13,103 | INFO | stock_pipeline.extract.yahoo_finance | Downloading data for F...
2026-08-14 18:41:14,174 | INFO | stock_pipeline.extract.yahoo_finance | Raw data saved to C:\Users\mahla\Stock_market_data_pipeline\data\raw\F_stock.csv
2026-08-14 18:41:14,225 | INFO | __main__ | Processing GM...
2026-08-14 18:41:14,225 | INFO | stock_pipeline.extract.yahoo_finance | Downloading data for GM...
2026-08-14 18:41:15,290 | INFO | stock_pipeline.extract.yahoo_finance | Raw data saved to C:\Users\mahla\Stock_market_data_pipeline\data\raw\GM_stock.csv
2026-08-14 18:41:15,337 | INFO | __main__ | Processing RIVN...
2026-08-14 18:41:15,338 | INFO | stock_pipeline.extract.yahoo_finance | Downloading data for RIVN...
2026-08-14 18:41:16,056 | INFO | stock_pipeline.extract.yahoo_finance | Raw data saved to C:\Users\mahla\Stock_market_data_pipeline\data\raw\RIVN_stock.csv
2026-08-14 18:41:16,088 | INFO | __main__ | Processing NIO...
2026-08-14 18:41:16,088 | INFO | stock_pipeline.extract.yahoo_finance | Downloading data for NIO...
2026-08-14 18:41:16,890 | INFO | stock_pipeline.extract.yahoo_finance | Raw data saved to C:\Users\mahla\Stock_market_data_pipeline\data\raw\NIO_stock.csv
2026-08-14 18:41:16,931 | INFO | __main__ | Processing T...
2026-08-14 18:41:16,931 | INFO | stock_pipeline.extract.yahoo_finance | Downloading data for T...
2026-08-14 18:41:17,749 | INFO | stock_pipeline.extract.yahoo_finance | Raw data saved to C:\Users\mahla\Stock_market_data_pipeline\data\raw\T_stock.csv
2026-08-14 18:41:17,791 | INFO | __main__ | Processing VZ...
2026-08-14 18:41:17,791 | INFO | stock_pipeline.extract.yahoo_finance | Downloading data for VZ...
2026-08-14 18:41:18,718 | INFO | stock_pipeline.extract.yahoo_finance | Raw data saved to C:\Users\mahla\Stock_market_data_pipeline\data\raw\VZ_stock.csv
2026-08-14 18:41:18,759 | INFO | __main__ | Processing CMCSA...
2026-08-14 18:41:18,760 | INFO | stock_pipeline.extract.yahoo_finance | Downloading data for CMCSA...
2026-08-14 18:41:19,767 | INFO | stock_pipeline.extract.yahoo_finance | Raw data saved to C:\Users\mahla\Stock_market_data_pipeline\data\raw\CMCSA_stock.csv
2026-08-14 18:41:19,811 | INFO | __main__ | Processing DIS...
2026-08-14 18:41:19,811 | INFO | stock_pipeline.extract.yahoo_finance | Downloading data for DIS...
2026-08-14 18:41:20,749 | INFO | stock_pipeline.extract.yahoo_finance | Raw data saved to C:\Users\mahla\Stock_market_data_pipeline\data\raw\DIS_stock.csv
2026-08-14 18:41:20,795 | INFO | __main__ | Processing NFLX...
2026-08-14 18:41:20,795 | INFO | stock_pipeline.extract.yahoo_finance | Downloading data for NFLX...
2026-08-14 18:41:21,838 | INFO | stock_pipeline.extract.yahoo_finance | Raw data saved to C:\Users\mahla\Stock_market_data_pipeline\data\raw\NFLX_stock.csv
2026-08-14 18:41:21,886 | INFO | __main__ | Processing MU...
2026-08-14 18:41:21,886 | INFO | stock_pipeline.extract.yahoo_finance | Downloading data for MU...
2026-08-14 18:41:23,239 | INFO | stock_pipeline.extract.yahoo_finance | Raw data saved to C:\Users\mahla\Stock_market_data_pipeline\data\raw\MU_stock.csv
2026-08-14 18:41:23,498 | INFO | __main__ | Processing LRCX...
2026-08-14 18:41:23,500 | INFO | stock_pipeline.extract.yahoo_finance | Downloading data for LRCX...
2026-08-14 18:41:24,553 | INFO | stock_pipeline.extract.yahoo_finance | Raw data saved to C:\Users\mahla\Stock_market_data_pipeline\data\raw\LRCX_stock.csv
2026-08-14 18:41:24,660 | INFO | __main__ | Processing KLAC...
2026-08-14 18:41:24,661 | INFO | stock_pipeline.extract.yahoo_finance | Downloading data for KLAC...
2026-08-14 18:41:25,741 | INFO | stock_pipeline.extract.yahoo_finance | Raw data saved to C:\Users\mahla\Stock_market_data_pipeline\data\raw\KLAC_stock.csv
2026-08-14 18:41:25,853 | INFO | __main__ | Processing MRVL...
2026-08-14 18:41:25,854 | INFO | stock_pipeline.extract.yahoo_finance | Downloading data for MRVL...
2026-08-14 18:41:26,885 | INFO | stock_pipeline.extract.yahoo_finance | Raw data saved to C:\Users\mahla\Stock_market_data_pipeline\data\raw\MRVL_stock.csv
2026-08-14 18:41:26,999 | INFO | __main__ | Processing True...
2026-08-14 18:41:27,000 | INFO | stock_pipeline.extract.yahoo_finance | Downloading data for True...
2026-08-14 18:41:27,002 | ERROR | stock_pipeline.extract.yahoo_finance | Failed to download True (attempt 1/3): 'bool' object has no attribute 'replace'
2026-08-14 18:41:29,004 | ERROR | stock_pipeline.extract.yahoo_finance | Failed to download True (attempt 2/3): 'bool' object has no attribute 'replace'
2026-08-14 18:41:31,006 | ERROR | stock_pipeline.extract.yahoo_finance | Failed to download True (attempt 3/3): 'bool' object has no attribute 'replace'
2026-08-14 18:41:31,007 | WARNING | __main__ | Skipping True because extraction failed.
2026-08-14 18:41:31,008 | INFO | __main__ | Processing NXPI...
2026-08-14 18:41:31,009 | INFO | stock_pipeline.extract.yahoo_finance | Downloading data for NXPI...
2026-08-14 18:41:31,880 | INFO | stock_pipeline.extract.yahoo_finance | Raw data saved to C:\Users\mahla\Stock_market_data_pipeline\data\raw\NXPI_stock.csv
2026-08-14 18:41:31,960 | INFO | __main__ | Processing SNPS...
2026-08-14 18:41:31,960 | INFO | stock_pipeline.extract.yahoo_finance | Downloading data for SNPS...
2026-08-14 18:41:32,851 | INFO | stock_pipeline.extract.yahoo_finance | Raw data saved to C:\Users\mahla\Stock_market_data_pipeline\data\raw\SNPS_stock.csv
2026-08-14 18:41:32,945 | INFO | __main__ | Processing MU...
2026-08-14 18:41:32,946 | INFO | stock_pipeline.extract.yahoo_finance | Downloading data for MU...
2026-08-14 18:41:33,783 | INFO | stock_pipeline.extract.yahoo_finance | Raw data saved to C:\Users\mahla\Stock_market_data_pipeline\data\raw\MU_stock.csv
2026-08-14 18:41:33,869 | INFO | __main__ | Processing LRCX...
2026-08-14 18:41:33,870 | INFO | stock_pipeline.extract.yahoo_finance | Downloading data for LRCX...
2026-08-14 18:41:34,808 | INFO | stock_pipeline.extract.yahoo_finance | Raw data saved to C:\Users\mahla\Stock_market_data_pipeline\data\raw\LRCX_stock.csv
2026-08-14 18:41:34,890 | INFO | __main__ | Processing KLAC...
2026-08-14 18:41:34,891 | INFO | stock_pipeline.extract.yahoo_finance | Downloading data for KLAC...
2026-08-14 18:41:35,932 | INFO | stock_pipeline.extract.yahoo_finance | Raw data saved to C:\Users\mahla\Stock_market_data_pipeline\data\raw\KLAC_stock.csv
2026-08-14 18:41:36,033 | INFO | __main__ | Processing MRVL...
2026-08-14 18:41:36,033 | INFO | stock_pipeline.extract.yahoo_finance | Downloading data for MRVL...
2026-08-14 18:41:36,645 | INFO | stock_pipeline.extract.yahoo_finance | Raw data saved to C:\Users\mahla\Stock_market_data_pipeline\data\raw\MRVL_stock.csv
2026-08-14 18:41:36,770 | INFO | __main__ | Processing True...
2026-08-14 18:41:36,771 | INFO | stock_pipeline.extract.yahoo_finance | Downloading data for True...
2026-08-14 18:41:36,772 | ERROR | stock_pipeline.extract.yahoo_finance | Failed to download True (attempt 1/3): 'bool' object has no attribute 'replace'
2026-08-14 18:41:38,774 | ERROR | stock_pipeline.extract.yahoo_finance | Failed to download True (attempt 2/3): 'bool' object has no attribute 'replace'
2026-08-14 18:41:40,775 | ERROR | stock_pipeline.extract.yahoo_finance | Failed to download True (attempt 3/3): 'bool' object has no attribute 'replace'
2026-08-14 18:41:40,776 | WARNING | __main__ | Skipping True because extraction failed.
2026-08-14 18:41:40,777 | INFO | __main__ | Processing ADI...
2026-08-14 18:41:40,777 | INFO | stock_pipeline.extract.yahoo_finance | Downloading data for ADI...
2026-08-14 18:41:42,773 | INFO | stock_pipeline.extract.yahoo_finance | Raw data saved to C:\Users\mahla\Stock_market_data_pipeline\data\raw\ADI_stock.csv
2026-08-14 18:41:42,927 | INFO | __main__ | Combining stock data...
2026-08-14 18:41:43,033 | INFO | __main__ | Total records: 242,013
2026-08-14 18:41:43,058 | WARNING | __main__ | 3 stocks failed.
2026-08-14 18:41:43,063 | WARNING | __main__ | Failed ticker report saved to C:\Users\mahla\Stock_market_data_pipeline\data\quarantine\failed_tickers.csv
2026-08-14 18:41:43,069 | INFO | __main__ | ============================================================
2026-08-14 18:41:43,071 | INFO | __main__ | PIPELINE SUMMARY
2026-08-14 18:41:43,074 | INFO | __main__ | Configured stocks: 100
2026-08-14 18:41:43,076 | INFO | __main__ | Successful stocks: 97
2026-08-14 18:41:43,078 | INFO | __main__ | Failed stocks: 3
2026-08-14 18:41:43,082 | INFO | __main__ | Total records: 242,013
2026-08-14 18:41:43,083 | INFO | __main__ | Pipeline completed.
2026-08-14 18:41:43,087 | INFO | __main__ | ============================================================
2026-08-14 19:27:55,219 | INFO | __main__ | ============================================================
2026-08-14 19:27:55,220 | INFO | __main__ | STOCK MARKET DATA PIPELINE
2026-08-14 19:27:55,220 | INFO | __main__ | ============================================================
2026-08-14 19:27:55,223 | INFO | __main__ | Stocks configured: 100
2026-08-14 19:27:55,223 | INFO | __main__ | Processing AAPL...
2026-08-14 19:27:55,223 | INFO | stock_pipeline.extract.yahoo_finance | Downloading data for AAPL...
2026-08-14 19:27:57,089 | INFO | stock_pipeline.extract.yahoo_finance | Raw data saved to C:\Users\mahla\Stock_market_data_pipeline\data\raw\AAPL_stock.csv
2026-08-14 19:27:57,126 | INFO | __main__ | Processing MSFT...
2026-08-14 19:27:57,126 | INFO | stock_pipeline.extract.yahoo_finance | Downloading data for MSFT...
2026-08-14 19:27:58,422 | INFO | stock_pipeline.extract.yahoo_finance | Raw data saved to C:\Users\mahla\Stock_market_data_pipeline\data\raw\MSFT_stock.csv
2026-08-14 19:27:58,452 | INFO | __main__ | Processing NVDA...
2026-08-14 19:27:58,452 | INFO | stock_pipeline.extract.yahoo_finance | Downloading data for NVDA...
2026-08-14 19:28:00,050 | INFO | stock_pipeline.extract.yahoo_finance | Raw data saved to C:\Users\mahla\Stock_market_data_pipeline\data\raw\NVDA_stock.csv
2026-08-14 19:28:00,079 | INFO | __main__ | Processing GOOGL...
2026-08-14 19:28:00,079 | INFO | stock_pipeline.extract.yahoo_finance | Downloading data for GOOGL...
2026-08-14 19:28:00,847 | INFO | stock_pipeline.extract.yahoo_finance | Raw data saved to C:\Users\mahla\Stock_market_data_pipeline\data\raw\GOOGL_stock.csv
2026-08-14 19:28:00,875 | INFO | __main__ | Processing GOOG...
2026-08-14 19:28:00,875 | INFO | stock_pipeline.extract.yahoo_finance | Downloading data for GOOG...
2026-08-14 19:28:01,740 | INFO | stock_pipeline.extract.yahoo_finance | Raw data saved to C:\Users\mahla\Stock_market_data_pipeline\data\raw\GOOG_stock.csv
2026-08-14 19:28:01,776 | INFO | __main__ | Processing AMZN...
2026-08-14 19:28:01,776 | INFO | stock_pipeline.extract.yahoo_finance | Downloading data for AMZN...
2026-08-14 19:28:03,380 | INFO | stock_pipeline.extract.yahoo_finance | Raw data saved to C:\Users\mahla\Stock_market_data_pipeline\data\raw\AMZN_stock.csv
2026-08-14 19:28:03,426 | INFO | __main__ | Processing META...
2026-08-14 19:28:03,427 | INFO | stock_pipeline.extract.yahoo_finance | Downloading data for META...
2026-08-14 19:28:04,229 | INFO | stock_pipeline.extract.yahoo_finance | Raw data saved to C:\Users\mahla\Stock_market_data_pipeline\data\raw\META_stock.csv
2026-08-14 19:28:04,257 | INFO | __main__ | Processing AVGO...
2026-08-14 19:28:04,257 | INFO | stock_pipeline.extract.yahoo_finance | Downloading data for AVGO...
2026-08-14 19:28:04,838 | INFO | stock_pipeline.extract.yahoo_finance | Raw data saved to C:\Users\mahla\Stock_market_data_pipeline\data\raw\AVGO_stock.csv
2026-08-14 19:28:04,865 | INFO | __main__ | Processing ORCL...
2026-08-14 19:28:04,866 | INFO | stock_pipeline.extract.yahoo_finance | Downloading data for ORCL...
2026-08-14 19:28:06,144 | INFO | stock_pipeline.extract.yahoo_finance | Raw data saved to C:\Users\mahla\Stock_market_data_pipeline\data\raw\ORCL_stock.csv
2026-08-14 19:28:06,182 | INFO | __main__ | Processing CRM...
2026-08-14 19:28:06,182 | INFO | stock_pipeline.extract.yahoo_finance | Downloading data for CRM...
2026-08-14 19:28:07,024 | INFO | stock_pipeline.extract.yahoo_finance | Raw data saved to C:\Users\mahla\Stock_market_data_pipeline\data\raw\CRM_stock.csv
2026-08-14 19:28:07,051 | INFO | __main__ | Processing AMD...
2026-08-14 19:28:07,051 | INFO | stock_pipeline.extract.yahoo_finance | Downloading data for AMD...
2026-08-14 19:28:07,654 | INFO | stock_pipeline.extract.yahoo_finance | Raw data saved to C:\Users\mahla\Stock_market_data_pipeline\data\raw\AMD_stock.csv
2026-08-14 19:28:07,686 | INFO | __main__ | Processing ADBE...
2026-08-14 19:28:07,686 | INFO | stock_pipeline.extract.yahoo_finance | Downloading data for ADBE...
2026-08-14 19:28:08,706 | INFO | stock_pipeline.extract.yahoo_finance | Raw data saved to C:\Users\mahla\Stock_market_data_pipeline\data\raw\ADBE_stock.csv
2026-08-14 19:28:08,733 | INFO | __main__ | Processing CSCO...
2026-08-14 19:28:08,733 | INFO | stock_pipeline.extract.yahoo_finance | Downloading data for CSCO...
2026-08-14 19:28:09,540 | INFO | stock_pipeline.extract.yahoo_finance | Raw data saved to C:\Users\mahla\Stock_market_data_pipeline\data\raw\CSCO_stock.csv
2026-08-14 19:28:09,568 | INFO | __main__ | Processing INTC...
2026-08-14 19:28:09,568 | INFO | stock_pipeline.extract.yahoo_finance | Downloading data for INTC...
2026-08-14 19:28:10,463 | INFO | stock_pipeline.extract.yahoo_finance | Raw data saved to C:\Users\mahla\Stock_market_data_pipeline\data\raw\INTC_stock.csv
2026-08-14 19:28:10,491 | INFO | __main__ | Processing IBM...
2026-08-14 19:28:10,491 | INFO | stock_pipeline.extract.yahoo_finance | Downloading data for IBM...
2026-08-14 19:28:11,328 | INFO | stock_pipeline.extract.yahoo_finance | Raw data saved to C:\Users\mahla\Stock_market_data_pipeline\data\raw\IBM_stock.csv
2026-08-14 19:28:11,355 | INFO | __main__ | Processing QCOM...
2026-08-14 19:28:11,356 | INFO | stock_pipeline.extract.yahoo_finance | Downloading data for QCOM...
2026-08-14 19:28:11,981 | INFO | stock_pipeline.extract.yahoo_finance | Raw data saved to C:\Users\mahla\Stock_market_data_pipeline\data\raw\QCOM_stock.csv
2026-08-14 19:28:12,009 | INFO | __main__ | Processing TXN...
2026-08-14 19:28:12,009 | INFO | stock_pipeline.extract.yahoo_finance | Downloading data for TXN...
2026-08-14 19:28:12,821 | INFO | stock_pipeline.extract.yahoo_finance | Raw data saved to C:\Users\mahla\Stock_market_data_pipeline\data\raw\TXN_stock.csv
2026-08-14 19:28:12,853 | INFO | __main__ | Processing NOW...
2026-08-14 19:28:12,853 | INFO | stock_pipeline.extract.yahoo_finance | Downloading data for NOW...
2026-08-14 19:28:13,464 | INFO | stock_pipeline.extract.yahoo_finance | Raw data saved to C:\Users\mahla\Stock_market_data_pipeline\data\raw\NOW_stock.csv
2026-08-14 19:28:13,491 | INFO | __main__ | Processing INTU...
2026-08-14 19:28:13,492 | INFO | stock_pipeline.extract.yahoo_finance | Downloading data for INTU...
2026-08-14 19:28:14,118 | INFO | stock_pipeline.extract.yahoo_finance | Raw data saved to C:\Users\mahla\Stock_market_data_pipeline\data\raw\INTU_stock.csv
2026-08-14 19:28:14,150 | INFO | __main__ | Processing AMAT...
2026-08-14 19:28:14,151 | INFO | stock_pipeline.extract.yahoo_finance | Downloading data for AMAT...
2026-08-14 19:28:14,773 | INFO | stock_pipeline.extract.yahoo_finance | Raw data saved to C:\Users\mahla\Stock_market_data_pipeline\data\raw\AMAT_stock.csv
2026-08-14 19:28:14,801 | INFO | __main__ | Processing JPM...
2026-08-14 19:28:14,801 | INFO | stock_pipeline.extract.yahoo_finance | Downloading data for JPM...
2026-08-14 19:28:16,013 | INFO | stock_pipeline.extract.yahoo_finance | Raw data saved to C:\Users\mahla\Stock_market_data_pipeline\data\raw\JPM_stock.csv
2026-08-14 19:28:16,045 | INFO | __main__ | Processing BAC...
2026-08-14 19:28:16,045 | INFO | stock_pipeline.extract.yahoo_finance | Downloading data for BAC...
2026-08-14 19:28:16,871 | INFO | stock_pipeline.extract.yahoo_finance | Raw data saved to C:\Users\mahla\Stock_market_data_pipeline\data\raw\BAC_stock.csv
2026-08-14 19:28:16,900 | INFO | __main__ | Processing WFC...
2026-08-14 19:28:16,900 | INFO | stock_pipeline.extract.yahoo_finance | Downloading data for WFC...
2026-08-14 19:28:17,577 | INFO | stock_pipeline.extract.yahoo_finance | Raw data saved to C:\Users\mahla\Stock_market_data_pipeline\data\raw\WFC_stock.csv
2026-08-14 19:28:17,604 | INFO | __main__ | Processing C...
2026-08-14 19:28:17,604 | INFO | stock_pipeline.extract.yahoo_finance | Downloading data for C...
2026-08-14 19:28:18,282 | INFO | stock_pipeline.extract.yahoo_finance | Raw data saved to C:\Users\mahla\Stock_market_data_pipeline\data\raw\C_stock.csv
2026-08-14 19:28:18,312 | INFO | __main__ | Processing GS...
2026-08-14 19:28:18,312 | INFO | stock_pipeline.extract.yahoo_finance | Downloading data for GS...
2026-08-14 19:28:18,881 | INFO | stock_pipeline.extract.yahoo_finance | Raw data saved to C:\Users\mahla\Stock_market_data_pipeline\data\raw\GS_stock.csv
2026-08-14 19:28:18,907 | INFO | __main__ | Processing MS...
2026-08-14 19:28:18,907 | INFO | stock_pipeline.extract.yahoo_finance | Downloading data for MS...
2026-08-14 19:28:19,563 | INFO | stock_pipeline.extract.yahoo_finance | Raw data saved to C:\Users\mahla\Stock_market_data_pipeline\data\raw\MS_stock.csv
2026-08-14 19:28:19,589 | INFO | __main__ | Processing BLK...
2026-08-14 19:28:19,589 | INFO | stock_pipeline.extract.yahoo_finance | Downloading data for BLK...
2026-08-14 19:28:20,353 | INFO | stock_pipeline.extract.yahoo_finance | Raw data saved to C:\Users\mahla\Stock_market_data_pipeline\data\raw\BLK_stock.csv
2026-08-14 19:28:20,380 | INFO | __main__ | Processing SCHW...
2026-08-14 19:28:20,380 | INFO | stock_pipeline.extract.yahoo_finance | Downloading data for SCHW...
2026-08-14 19:28:21,011 | INFO | stock_pipeline.extract.yahoo_finance | Raw data saved to C:\Users\mahla\Stock_market_data_pipeline\data\raw\SCHW_stock.csv
2026-08-14 19:28:21,049 | INFO | __main__ | Processing USB...
2026-08-14 19:28:21,049 | INFO | stock_pipeline.extract.yahoo_finance | Downloading data for USB...
2026-08-14 19:28:22,058 | INFO | stock_pipeline.extract.yahoo_finance | Raw data saved to C:\Users\mahla\Stock_market_data_pipeline\data\raw\USB_stock.csv
2026-08-14 19:28:22,087 | INFO | __main__ | Processing PNC...
2026-08-14 19:28:22,087 | INFO | stock_pipeline.extract.yahoo_finance | Downloading data for PNC...
2026-08-14 19:28:22,998 | INFO | stock_pipeline.extract.yahoo_finance | Raw data saved to C:\Users\mahla\Stock_market_data_pipeline\data\raw\PNC_stock.csv
2026-08-14 19:28:23,023 | INFO | __main__ | Processing AXP...
2026-08-14 19:28:23,023 | INFO | stock_pipeline.extract.yahoo_finance | Downloading data for AXP...
2026-08-14 19:28:24,041 | INFO | stock_pipeline.extract.yahoo_finance | Raw data saved to C:\Users\mahla\Stock_market_data_pipeline\data\raw\AXP_stock.csv
2026-08-14 19:28:24,068 | INFO | __main__ | Processing COF...
2026-08-14 19:28:24,068 | INFO | stock_pipeline.extract.yahoo_finance | Downloading data for COF...
2026-08-14 19:28:24,909 | INFO | stock_pipeline.extract.yahoo_finance | Raw data saved to C:\Users\mahla\Stock_market_data_pipeline\data\raw\COF_stock.csv
2026-08-14 19:28:24,938 | INFO | __main__ | Processing SPGI...
2026-08-14 19:28:24,939 | INFO | stock_pipeline.extract.yahoo_finance | Downloading data for SPGI...
2026-08-14 19:28:25,937 | INFO | stock_pipeline.extract.yahoo_finance | Raw data saved to C:\Users\mahla\Stock_market_data_pipeline\data\raw\SPGI_stock.csv
2026-08-14 19:28:25,963 | INFO | __main__ | Processing CME...
2026-08-14 19:28:25,964 | INFO | stock_pipeline.extract.yahoo_finance | Downloading data for CME...
2026-08-14 19:28:26,817 | INFO | stock_pipeline.extract.yahoo_finance | Raw data saved to C:\Users\mahla\Stock_market_data_pipeline\data\raw\CME_stock.csv
2026-08-14 19:28:26,843 | INFO | __main__ | Processing ICE...
2026-08-14 19:28:26,843 | INFO | stock_pipeline.extract.yahoo_finance | Downloading data for ICE...
2026-08-14 19:28:27,838 | INFO | stock_pipeline.extract.yahoo_finance | Raw data saved to C:\Users\mahla\Stock_market_data_pipeline\data\raw\ICE_stock.csv
2026-08-14 19:28:27,866 | INFO | __main__ | Processing UNH...
2026-08-14 19:28:27,866 | INFO | stock_pipeline.extract.yahoo_finance | Downloading data for UNH...
2026-08-14 19:28:28,708 | INFO | stock_pipeline.extract.yahoo_finance | Raw data saved to C:\Users\mahla\Stock_market_data_pipeline\data\raw\UNH_stock.csv
2026-08-14 19:28:28,748 | INFO | __main__ | Processing JNJ...
2026-08-14 19:28:28,749 | INFO | stock_pipeline.extract.yahoo_finance | Downloading data for JNJ...
2026-08-14 19:28:29,815 | INFO | stock_pipeline.extract.yahoo_finance | Raw data saved to C:\Users\mahla\Stock_market_data_pipeline\data\raw\JNJ_stock.csv
2026-08-14 19:28:29,854 | INFO | __main__ | Processing LLY...
2026-08-14 19:28:29,854 | INFO | stock_pipeline.extract.yahoo_finance | Downloading data for LLY...
2026-08-14 19:28:30,528 | INFO | stock_pipeline.extract.yahoo_finance | Raw data saved to C:\Users\mahla\Stock_market_data_pipeline\data\raw\LLY_stock.csv
2026-08-14 19:28:30,555 | INFO | __main__ | Processing PFE...
2026-08-14 19:28:30,555 | INFO | stock_pipeline.extract.yahoo_finance | Downloading data for PFE...
2026-08-14 19:28:31,308 | INFO | stock_pipeline.extract.yahoo_finance | Raw data saved to C:\Users\mahla\Stock_market_data_pipeline\data\raw\PFE_stock.csv
2026-08-14 19:28:31,334 | INFO | __main__ | Processing ABBV...
2026-08-14 19:28:31,334 | INFO | stock_pipeline.extract.yahoo_finance | Downloading data for ABBV...
2026-08-14 19:28:31,876 | INFO | stock_pipeline.extract.yahoo_finance | Raw data saved to C:\Users\mahla\Stock_market_data_pipeline\data\raw\ABBV_stock.csv
2026-08-14 19:28:31,903 | INFO | __main__ | Processing MRK...
2026-08-14 19:28:31,903 | INFO | stock_pipeline.extract.yahoo_finance | Downloading data for MRK...
2026-08-14 19:28:32,473 | INFO | stock_pipeline.extract.yahoo_finance | Raw data saved to C:\Users\mahla\Stock_market_data_pipeline\data\raw\MRK_stock.csv
2026-08-14 19:28:32,510 | INFO | __main__ | Processing TMO...
2026-08-14 19:28:32,510 | INFO | stock_pipeline.extract.yahoo_finance | Downloading data for TMO...
2026-08-14 19:28:33,720 | INFO | stock_pipeline.extract.yahoo_finance | Raw data saved to C:\Users\mahla\Stock_market_data_pipeline\data\raw\TMO_stock.csv
2026-08-14 19:28:33,770 | INFO | __main__ | Processing DHR...
2026-08-14 19:28:33,770 | INFO | stock_pipeline.extract.yahoo_finance | Downloading data for DHR...
2026-08-14 19:28:35,053 | INFO | stock_pipeline.extract.yahoo_finance | Raw data saved to C:\Users\mahla\Stock_market_data_pipeline\data\raw\DHR_stock.csv
2026-08-14 19:28:35,084 | INFO | __main__ | Processing BMY...
2026-08-14 19:28:35,084 | INFO | stock_pipeline.extract.yahoo_finance | Downloading data for BMY...
2026-08-14 19:28:35,961 | INFO | stock_pipeline.extract.yahoo_finance | Raw data saved to C:\Users\mahla\Stock_market_data_pipeline\data\raw\BMY_stock.csv
2026-08-14 19:28:35,997 | INFO | __main__ | Processing AMGN...
2026-08-14 19:28:35,998 | INFO | stock_pipeline.extract.yahoo_finance | Downloading data for AMGN...
2026-08-14 19:28:37,002 | INFO | stock_pipeline.extract.yahoo_finance | Raw data saved to C:\Users\mahla\Stock_market_data_pipeline\data\raw\AMGN_stock.csv
2026-08-14 19:28:37,032 | INFO | __main__ | Processing GILD...
2026-08-14 19:28:37,032 | INFO | stock_pipeline.extract.yahoo_finance | Downloading data for GILD...
2026-08-14 19:28:37,853 | INFO | stock_pipeline.extract.yahoo_finance | Raw data saved to C:\Users\mahla\Stock_market_data_pipeline\data\raw\GILD_stock.csv
2026-08-14 19:28:37,890 | INFO | __main__ | Processing CVS...
2026-08-14 19:28:37,890 | INFO | stock_pipeline.extract.yahoo_finance | Downloading data for CVS...
2026-08-14 19:28:38,692 | INFO | stock_pipeline.extract.yahoo_finance | Raw data saved to C:\Users\mahla\Stock_market_data_pipeline\data\raw\CVS_stock.csv
2026-08-14 19:28:38,726 | INFO | __main__ | Processing ISRG...
2026-08-14 19:28:38,727 | INFO | stock_pipeline.extract.yahoo_finance | Downloading data for ISRG...
2026-08-14 19:28:39,525 | INFO | stock_pipeline.extract.yahoo_finance | Raw data saved to C:\Users\mahla\Stock_market_data_pipeline\data\raw\ISRG_stock.csv
2026-08-14 19:28:39,559 | INFO | __main__ | Processing MDT...
2026-08-14 19:28:39,559 | INFO | stock_pipeline.extract.yahoo_finance | Downloading data for MDT...
2026-08-14 19:28:40,225 | INFO | stock_pipeline.extract.yahoo_finance | Raw data saved to C:\Users\mahla\Stock_market_data_pipeline\data\raw\MDT_stock.csv
2026-08-14 19:28:40,252 | INFO | __main__ | Processing WMT...
2026-08-14 19:28:40,253 | INFO | stock_pipeline.extract.yahoo_finance | Downloading data for WMT...
2026-08-14 19:28:41,038 | INFO | stock_pipeline.extract.yahoo_finance | Raw data saved to C:\Users\mahla\Stock_market_data_pipeline\data\raw\WMT_stock.csv
2026-08-14 19:28:41,069 | INFO | __main__ | Processing COST...
2026-08-14 19:28:41,069 | INFO | stock_pipeline.extract.yahoo_finance | Downloading data for COST...
2026-08-14 19:28:41,965 | INFO | stock_pipeline.extract.yahoo_finance | Raw data saved to C:\Users\mahla\Stock_market_data_pipeline\data\raw\COST_stock.csv
2026-08-14 19:28:41,999 | INFO | __main__ | Processing HD...
2026-08-14 19:28:41,999 | INFO | stock_pipeline.extract.yahoo_finance | Downloading data for HD...
2026-08-14 19:28:42,919 | INFO | stock_pipeline.extract.yahoo_finance | Raw data saved to C:\Users\mahla\Stock_market_data_pipeline\data\raw\HD_stock.csv
2026-08-14 19:28:42,960 | INFO | __main__ | Processing MCD...
2026-08-14 19:28:42,960 | INFO | stock_pipeline.extract.yahoo_finance | Downloading data for MCD...
2026-08-14 19:28:43,877 | INFO | stock_pipeline.extract.yahoo_finance | Raw data saved to C:\Users\mahla\Stock_market_data_pipeline\data\raw\MCD_stock.csv
2026-08-14 19:28:43,912 | INFO | __main__ | Processing NKE...
2026-08-14 19:28:43,912 | INFO | stock_pipeline.extract.yahoo_finance | Downloading data for NKE...
2026-08-14 19:28:44,768 | INFO | stock_pipeline.extract.yahoo_finance | Raw data saved to C:\Users\mahla\Stock_market_data_pipeline\data\raw\NKE_stock.csv
2026-08-14 19:28:44,796 | INFO | __main__ | Processing SBUX...
2026-08-14 19:28:44,796 | INFO | stock_pipeline.extract.yahoo_finance | Downloading data for SBUX...
2026-08-14 19:28:45,441 | INFO | stock_pipeline.extract.yahoo_finance | Raw data saved to C:\Users\mahla\Stock_market_data_pipeline\data\raw\SBUX_stock.csv
2026-08-14 19:28:45,468 | INFO | __main__ | Processing TGT...
2026-08-14 19:28:45,469 | INFO | stock_pipeline.extract.yahoo_finance | Downloading data for TGT...
2026-08-14 19:28:46,427 | INFO | stock_pipeline.extract.yahoo_finance | Raw data saved to C:\Users\mahla\Stock_market_data_pipeline\data\raw\TGT_stock.csv
2026-08-14 19:28:46,454 | INFO | __main__ | Processing LOW...
2026-08-14 19:28:46,454 | INFO | stock_pipeline.extract.yahoo_finance | Downloading data for LOW...
2026-08-14 19:28:47,322 | INFO | stock_pipeline.extract.yahoo_finance | Raw data saved to C:\Users\mahla\Stock_market_data_pipeline\data\raw\LOW_stock.csv
2026-08-14 19:28:47,349 | INFO | __main__ | Processing TJX...
2026-08-14 19:28:47,349 | INFO | stock_pipeline.extract.yahoo_finance | Downloading data for TJX...
2026-08-14 19:28:48,149 | INFO | stock_pipeline.extract.yahoo_finance | Raw data saved to C:\Users\mahla\Stock_market_data_pipeline\data\raw\TJX_stock.csv
2026-08-14 19:28:48,176 | INFO | __main__ | Processing BKNG...
2026-08-14 19:28:48,176 | INFO | stock_pipeline.extract.yahoo_finance | Downloading data for BKNG...
2026-08-14 19:28:49,019 | INFO | stock_pipeline.extract.yahoo_finance | Raw data saved to C:\Users\mahla\Stock_market_data_pipeline\data\raw\BKNG_stock.csv
2026-08-14 19:28:49,057 | INFO | __main__ | Processing XOM...
2026-08-14 19:28:49,057 | INFO | stock_pipeline.extract.yahoo_finance | Downloading data for XOM...
2026-08-14 19:28:49,858 | INFO | stock_pipeline.extract.yahoo_finance | Raw data saved to C:\Users\mahla\Stock_market_data_pipeline\data\raw\XOM_stock.csv
2026-08-14 19:28:49,888 | INFO | __main__ | Processing CVX...
2026-08-14 19:28:49,888 | INFO | stock_pipeline.extract.yahoo_finance | Downloading data for CVX...
2026-08-14 19:28:50,524 | INFO | stock_pipeline.extract.yahoo_finance | Raw data saved to C:\Users\mahla\Stock_market_data_pipeline\data\raw\CVX_stock.csv
2026-08-14 19:28:50,568 | INFO | __main__ | Processing COP...
2026-08-14 19:28:50,568 | INFO | stock_pipeline.extract.yahoo_finance | Downloading data for COP...
2026-08-14 19:28:51,223 | INFO | stock_pipeline.extract.yahoo_finance | Raw data saved to C:\Users\mahla\Stock_market_data_pipeline\data\raw\COP_stock.csv
2026-08-14 19:28:51,255 | INFO | __main__ | Processing SLB...
2026-08-14 19:28:51,255 | INFO | stock_pipeline.extract.yahoo_finance | Downloading data for SLB...
2026-08-14 19:28:52,031 | INFO | stock_pipeline.extract.yahoo_finance | Raw data saved to C:\Users\mahla\Stock_market_data_pipeline\data\raw\SLB_stock.csv
2026-08-14 19:28:52,057 | INFO | __main__ | Processing EOG...
2026-08-14 19:28:52,057 | INFO | stock_pipeline.extract.yahoo_finance | Downloading data for EOG...
2026-08-14 19:28:52,773 | INFO | stock_pipeline.extract.yahoo_finance | Raw data saved to C:\Users\mahla\Stock_market_data_pipeline\data\raw\EOG_stock.csv
2026-08-14 19:28:52,806 | INFO | __main__ | Processing OXY...
2026-08-14 19:28:52,806 | INFO | stock_pipeline.extract.yahoo_finance | Downloading data for OXY...
2026-08-14 19:28:53,416 | INFO | stock_pipeline.extract.yahoo_finance | Raw data saved to C:\Users\mahla\Stock_market_data_pipeline\data\raw\OXY_stock.csv
2026-08-14 19:28:53,459 | INFO | __main__ | Processing MPC...
2026-08-14 19:28:53,459 | INFO | stock_pipeline.extract.yahoo_finance | Downloading data for MPC...
2026-08-14 19:28:54,084 | INFO | stock_pipeline.extract.yahoo_finance | Raw data saved to C:\Users\mahla\Stock_market_data_pipeline\data\raw\MPC_stock.csv
2026-08-14 19:28:54,113 | INFO | __main__ | Processing PSX...
2026-08-14 19:28:54,113 | INFO | stock_pipeline.extract.yahoo_finance | Downloading data for PSX...
2026-08-14 19:28:54,671 | INFO | stock_pipeline.extract.yahoo_finance | Raw data saved to C:\Users\mahla\Stock_market_data_pipeline\data\raw\PSX_stock.csv
2026-08-14 19:28:54,697 | INFO | __main__ | Processing HAL...
2026-08-14 19:28:54,698 | INFO | stock_pipeline.extract.yahoo_finance | Downloading data for HAL...
2026-08-14 19:28:55,572 | INFO | stock_pipeline.extract.yahoo_finance | Raw data saved to C:\Users\mahla\Stock_market_data_pipeline\data\raw\HAL_stock.csv
2026-08-14 19:28:55,600 | INFO | __main__ | Processing CAT...
2026-08-14 19:28:55,600 | INFO | stock_pipeline.extract.yahoo_finance | Downloading data for CAT...
2026-08-14 19:28:56,291 | INFO | stock_pipeline.extract.yahoo_finance | Raw data saved to C:\Users\mahla\Stock_market_data_pipeline\data\raw\CAT_stock.csv
2026-08-14 19:28:56,320 | INFO | __main__ | Processing DE...
2026-08-14 19:28:56,320 | INFO | stock_pipeline.extract.yahoo_finance | Downloading data for DE...
2026-08-14 19:28:57,164 | INFO | stock_pipeline.extract.yahoo_finance | Raw data saved to C:\Users\mahla\Stock_market_data_pipeline\data\raw\DE_stock.csv
2026-08-14 19:28:57,204 | INFO | __main__ | Processing GE...
2026-08-14 19:28:57,205 | INFO | stock_pipeline.extract.yahoo_finance | Downloading data for GE...
2026-08-14 19:28:57,969 | INFO | stock_pipeline.extract.yahoo_finance | Raw data saved to C:\Users\mahla\Stock_market_data_pipeline\data\raw\GE_stock.csv
2026-08-14 19:28:58,003 | INFO | __main__ | Processing HON...
2026-08-14 19:28:58,003 | INFO | stock_pipeline.extract.yahoo_finance | Downloading data for HON...
2026-08-14 19:28:59,007 | INFO | stock_pipeline.extract.yahoo_finance | Raw data saved to C:\Users\mahla\Stock_market_data_pipeline\data\raw\HON_stock.csv
2026-08-14 19:28:59,034 | INFO | __main__ | Processing UPS...
2026-08-14 19:28:59,034 | INFO | stock_pipeline.extract.yahoo_finance | Downloading data for UPS...
2026-08-14 19:28:59,948 | INFO | stock_pipeline.extract.yahoo_finance | Raw data saved to C:\Users\mahla\Stock_market_data_pipeline\data\raw\UPS_stock.csv
2026-08-14 19:28:59,977 | INFO | __main__ | Processing RTX...
2026-08-14 19:28:59,977 | INFO | stock_pipeline.extract.yahoo_finance | Downloading data for RTX...
2026-08-14 19:29:01,202 | INFO | stock_pipeline.extract.yahoo_finance | Raw data saved to C:\Users\mahla\Stock_market_data_pipeline\data\raw\RTX_stock.csv
2026-08-14 19:29:01,226 | INFO | __main__ | Processing BA...
2026-08-14 19:29:01,227 | INFO | stock_pipeline.extract.yahoo_finance | Downloading data for BA...
2026-08-14 19:29:01,918 | INFO | stock_pipeline.extract.yahoo_finance | Raw data saved to C:\Users\mahla\Stock_market_data_pipeline\data\raw\BA_stock.csv
2026-08-14 19:29:01,949 | INFO | __main__ | Processing LMT...
2026-08-14 19:29:01,949 | INFO | stock_pipeline.extract.yahoo_finance | Downloading data for LMT...
2026-08-14 19:29:02,942 | INFO | stock_pipeline.extract.yahoo_finance | Raw data saved to C:\Users\mahla\Stock_market_data_pipeline\data\raw\LMT_stock.csv
2026-08-14 19:29:02,967 | INFO | __main__ | Processing MMM...
2026-08-14 19:29:02,967 | INFO | stock_pipeline.extract.yahoo_finance | Downloading data for MMM...
2026-08-14 19:29:04,145 | INFO | stock_pipeline.extract.yahoo_finance | Raw data saved to C:\Users\mahla\Stock_market_data_pipeline\data\raw\MMM_stock.csv
2026-08-14 19:29:04,174 | INFO | __main__ | Processing TSLA...
2026-08-14 19:29:04,174 | INFO | stock_pipeline.extract.yahoo_finance | Downloading data for TSLA...
2026-08-14 19:29:04,957 | INFO | stock_pipeline.extract.yahoo_finance | Raw data saved to C:\Users\mahla\Stock_market_data_pipeline\data\raw\TSLA_stock.csv
2026-08-14 19:29:04,984 | INFO | __main__ | Processing F...
2026-08-14 19:29:04,985 | INFO | stock_pipeline.extract.yahoo_finance | Downloading data for F...
2026-08-14 19:29:05,850 | INFO | stock_pipeline.extract.yahoo_finance | Raw data saved to C:\Users\mahla\Stock_market_data_pipeline\data\raw\F_stock.csv
2026-08-14 19:29:05,877 | INFO | __main__ | Processing GM...
2026-08-14 19:29:05,877 | INFO | stock_pipeline.extract.yahoo_finance | Downloading data for GM...
2026-08-14 19:29:06,815 | INFO | stock_pipeline.extract.yahoo_finance | Raw data saved to C:\Users\mahla\Stock_market_data_pipeline\data\raw\GM_stock.csv
2026-08-14 19:29:06,845 | INFO | __main__ | Processing RIVN...
2026-08-14 19:29:06,845 | INFO | stock_pipeline.extract.yahoo_finance | Downloading data for RIVN...
2026-08-14 19:29:08,005 | INFO | stock_pipeline.extract.yahoo_finance | Raw data saved to C:\Users\mahla\Stock_market_data_pipeline\data\raw\RIVN_stock.csv
2026-08-14 19:29:08,024 | INFO | __main__ | Processing NIO...
2026-08-14 19:29:08,024 | INFO | stock_pipeline.extract.yahoo_finance | Downloading data for NIO...
2026-08-14 19:29:10,027 | INFO | stock_pipeline.extract.yahoo_finance | Raw data saved to C:\Users\mahla\Stock_market_data_pipeline\data\raw\NIO_stock.csv
2026-08-14 19:29:10,050 | INFO | __main__ | Processing T...
2026-08-14 19:29:10,051 | INFO | stock_pipeline.extract.yahoo_finance | Downloading data for T...
2026-08-14 19:29:10,993 | INFO | stock_pipeline.extract.yahoo_finance | Raw data saved to C:\Users\mahla\Stock_market_data_pipeline\data\raw\T_stock.csv
2026-08-14 19:29:11,020 | INFO | __main__ | Processing VZ...
2026-08-14 19:29:11,020 | INFO | stock_pipeline.extract.yahoo_finance | Downloading data for VZ...
2026-08-14 19:29:12,726 | INFO | stock_pipeline.extract.yahoo_finance | Raw data saved to C:\Users\mahla\Stock_market_data_pipeline\data\raw\VZ_stock.csv
2026-08-14 19:29:12,751 | INFO | __main__ | Processing CMCSA...
2026-08-14 19:29:12,751 | INFO | stock_pipeline.extract.yahoo_finance | Downloading data for CMCSA...
2026-08-14 19:29:13,543 | INFO | stock_pipeline.extract.yahoo_finance | Raw data saved to C:\Users\mahla\Stock_market_data_pipeline\data\raw\CMCSA_stock.csv
2026-08-14 19:29:13,569 | INFO | __main__ | Processing DIS...
2026-08-14 19:29:13,570 | INFO | stock_pipeline.extract.yahoo_finance | Downloading data for DIS...
2026-08-14 19:29:14,805 | INFO | stock_pipeline.extract.yahoo_finance | Raw data saved to C:\Users\mahla\Stock_market_data_pipeline\data\raw\DIS_stock.csv
2026-08-14 19:29:14,836 | INFO | __main__ | Processing NFLX...
2026-08-14 19:29:14,836 | INFO | stock_pipeline.extract.yahoo_finance | Downloading data for NFLX...
2026-08-14 19:29:15,673 | INFO | stock_pipeline.extract.yahoo_finance | Raw data saved to C:\Users\mahla\Stock_market_data_pipeline\data\raw\NFLX_stock.csv
2026-08-14 19:29:15,703 | INFO | __main__ | Processing V...
2026-08-14 19:29:15,703 | INFO | stock_pipeline.extract.yahoo_finance | Downloading data for V...
2026-08-14 19:29:16,663 | INFO | stock_pipeline.extract.yahoo_finance | Raw data saved to C:\Users\mahla\Stock_market_data_pipeline\data\raw\V_stock.csv
2026-08-14 19:29:16,688 | INFO | __main__ | Processing MA...
2026-08-14 19:29:16,688 | INFO | stock_pipeline.extract.yahoo_finance | Downloading data for MA...
2026-08-14 19:29:17,797 | INFO | stock_pipeline.extract.yahoo_finance | Raw data saved to C:\Users\mahla\Stock_market_data_pipeline\data\raw\MA_stock.csv
2026-08-14 19:29:17,832 | INFO | __main__ | Processing PLTR...
2026-08-14 19:29:17,832 | INFO | stock_pipeline.extract.yahoo_finance | Downloading data for PLTR...
2026-08-14 19:29:18,682 | INFO | stock_pipeline.extract.yahoo_finance | Raw data saved to C:\Users\mahla\Stock_market_data_pipeline\data\raw\PLTR_stock.csv
2026-08-14 19:29:18,700 | INFO | __main__ | Processing AMT...
2026-08-14 19:29:18,701 | INFO | stock_pipeline.extract.yahoo_finance | Downloading data for AMT...
2026-08-14 19:29:19,827 | INFO | stock_pipeline.extract.yahoo_finance | Raw data saved to C:\Users\mahla\Stock_market_data_pipeline\data\raw\AMT_stock.csv
2026-08-14 19:29:19,858 | INFO | __main__ | Processing ADP...
2026-08-14 19:29:19,858 | INFO | stock_pipeline.extract.yahoo_finance | Downloading data for ADP...
2026-08-14 19:29:21,121 | INFO | stock_pipeline.extract.yahoo_finance | Raw data saved to C:\Users\mahla\Stock_market_data_pipeline\data\raw\ADP_stock.csv
2026-08-14 19:29:21,152 | INFO | __main__ | Processing PEP...
2026-08-14 19:29:21,152 | INFO | stock_pipeline.extract.yahoo_finance | Downloading data for PEP...
2026-08-14 19:29:22,414 | INFO | stock_pipeline.extract.yahoo_finance | Raw data saved to C:\Users\mahla\Stock_market_data_pipeline\data\raw\PEP_stock.csv
2026-08-14 19:29:22,441 | INFO | __main__ | Processing LIN...
2026-08-14 19:29:22,441 | INFO | stock_pipeline.extract.yahoo_finance | Downloading data for LIN...
2026-08-14 19:29:23,941 | INFO | stock_pipeline.extract.yahoo_finance | Raw data saved to C:\Users\mahla\Stock_market_data_pipeline\data\raw\LIN_stock.csv
2026-08-14 19:29:23,966 | INFO | __main__ | Processing PLD...
2026-08-14 19:29:23,966 | INFO | stock_pipeline.extract.yahoo_finance | Downloading data for PLD...
2026-08-14 19:29:25,420 | INFO | stock_pipeline.extract.yahoo_finance | Raw data saved to C:\Users\mahla\Stock_market_data_pipeline\data\raw\PLD_stock.csv
2026-08-14 19:29:25,450 | INFO | __main__ | Processing EQIX...
2026-08-14 19:29:25,450 | INFO | stock_pipeline.extract.yahoo_finance | Downloading data for EQIX...
2026-08-14 19:29:27,516 | INFO | stock_pipeline.extract.yahoo_finance | Raw data saved to C:\Users\mahla\Stock_market_data_pipeline\data\raw\EQIX_stock.csv
2026-08-14 19:29:27,543 | INFO | __main__ | Processing UBER...
2026-08-14 19:29:27,544 | INFO | stock_pipeline.extract.yahoo_finance | Downloading data for UBER...
2026-08-14 19:29:30,533 | INFO | stock_pipeline.extract.yahoo_finance | Raw data saved to C:\Users\mahla\Stock_market_data_pipeline\data\raw\UBER_stock.csv
2026-08-14 19:29:30,556 | INFO | __main__ | Processing ABNB...
2026-08-14 19:29:30,556 | INFO | stock_pipeline.extract.yahoo_finance | Downloading data for ABNB...
2026-08-14 19:29:32,023 | INFO | stock_pipeline.extract.yahoo_finance | Raw data saved to C:\Users\mahla\Stock_market_data_pipeline\data\raw\ABNB_stock.csv
2026-08-14 19:29:32,043 | INFO | __main__ | Processing PYPL...
2026-08-14 19:29:32,043 | INFO | stock_pipeline.extract.yahoo_finance | Downloading data for PYPL...
2026-08-14 19:29:33,509 | INFO | stock_pipeline.extract.yahoo_finance | Raw data saved to C:\Users\mahla\Stock_market_data_pipeline\data\raw\PYPL_stock.csv
2026-08-14 19:29:33,540 | INFO | __main__ | Processing CRWD...
2026-08-14 19:29:33,540 | INFO | stock_pipeline.extract.yahoo_finance | Downloading data for CRWD...
2026-08-14 19:29:34,713 | INFO | stock_pipeline.extract.yahoo_finance | Raw data saved to C:\Users\mahla\Stock_market_data_pipeline\data\raw\CRWD_stock.csv
2026-08-14 19:29:34,737 | INFO | __main__ | Combining stock data...
2026-08-14 19:29:34,750 | INFO | __main__ | Total records: 246,029
2026-08-14 19:29:34,750 | INFO | __main__ | ============================================================
2026-08-14 19:29:34,750 | INFO | __main__ | PIPELINE SUMMARY
2026-08-14 19:29:34,750 | INFO | __main__ | Configured stocks: 100
2026-08-14 19:29:34,750 | INFO | __main__ | Successful stocks: 100
2026-08-14 19:29:34,751 | INFO | __main__ | Failed stocks: 0
2026-08-14 19:29:34,751 | INFO | __main__ | Total records: 246,029
2026-08-14 19:29:34,751 | INFO | __main__ | Pipeline completed.
2026-08-14 19:29:34,751 | INFO | __main__ | ============================================================
